exports[`GetPlatform 1`] = `"{\"opent2t\":{\"schema\":\"org.opent2t.sample.lamp.superpopular\",\"translator\":\"opent2t-translator-com-smartthings-lightbulb\",\"controlId\":\"d827d753-88d8-45a8-bab3-36bc3899467a\",\"endpointUri\":\"https://sample.endpoint.com/123\"},\"availability\":\"online\",\"pi\":\"d827d753-88d8-45a8-bab3-36bc3899467a\",\"mnmn\":\"SmartThings\",\"mnmo\":\"Light Bulb (Generic)\",\"n\":\"Mock Name\",\"rt\":[\"org.opent2t.sample.lamp.superpopular\"],\"entities\":[{\"n\":\"Mock Name\",\"rt\":[\"opent2t.d.light\"],\"di\":\"dad3f25e-d65b-c72c-9859-87a6f677c104\",\"icv\":\"core.1.1.0\",\"dmv\":\"res.1.1.0\",\"resources\":[{\"href\":\"/power\",\"rt\":[\"oic.r.switch.binary\"],\"if\":[\"oic.if.a\",\"oic.if.baseline\"]},{\"href\":\"/dim\",\"rt\":[\"oic.r.light.dimming\"],\"if\":[\"oic.if.a\",\"oic.if.baseline\"]},{\"href\":\"/dimPercentage\",\"rt\":[\"org.opent2t.r.light.dimming\"],\"if\":[\"oic.if.a\",\"oic.if.baseline\"]},{\"href\":\"/colourMode\",\"rt\":[\"oic.r.mode\"],\"if\":[\"oic.if.s\",\"oic.if.baseline\"]},{\"href\":\"/colourChroma\",\"rt\":[\"oic.r.colour.chroma\"],\"if\":[\"oic.if.a\",\"oic.if.baseline\"]},{\"href\":\"/colourRGB\",\"rt\":[\"oic.r.colour.rgb\"],\"if\":[\"oic.if.a\",\"oic.if.baseline\"]}]}]}"`;

exports[`GetPlatformExpanded 1`] = `"{"opent2t":{"schema":"org.opent2t.sample.lamp.superpopular","translator":"opent2t-translator-com-smartthings-lightbulb","controlId":"d827d753-88d8-45a8-bab3-36bc3899467a","endpointUri":"https://sample.endpoint.com/123"},"availability":"online","pi":"d827d753-88d8-45a8-bab3-36bc3899467a","mnmn":"SmartThings","mnmo":"Light Bulb (Generic)","n":"Mock Name","rt":["org.opent2t.sample.lamp.superpopular"],"entities":[{"n":"Mock Name","rt":["opent2t.d.light"],"di":"dad3f25e-d65b-c72c-9859-87a6f677c104","icv":"core.1.1.0","dmv":"res.1.1.0","resources":[{"href":"/power","rt":["oic.r.switch.binary"],"if":["oic.if.a","oic.if.baseline"],"id":"power","value":true},{"href":"/dim","rt":["oic.r.light.dimming"],"if":["oic.if.a","oic.if.baseline"],"id":"dim","dimmingSetting":20,"range":[0,100]},{"href":"/dimPercentage","rt":["org.opent2t.r.light.dimming"],"if":["oic.if.a","oic.if.baseline"],"id":"dimPercentage","dimmingSetPercentage":20,"dimmingIncrementPercentage":0,"dimmingDecrementPercentage":0},{"href":"/colourMode","rt":["oic.r.mode"],"if":["oic.if.s","oic.if.baseline"],"id":"colourMode","modes":["rgb"],"supportedModes":["rgb","chroma"]},{"href":"/colourChroma","rt":["oic.r.colour.chroma"],"if":["oic.if.a","oic.if.baseline"],"id":"colourChroma","ct":333},{"href":"/colourRGB","rt":["oic.r.colour.rgb"],"if":["oic.if.a","oic.if.baseline"],"id":"colourRGB","rgbValue":[51,45,36],"range":[0,255]}]}]}"`;
